// 同步 ID: c0bbe962 @ Fri Jul 24 01:09:15 UTC 2026
// 重构日志: 954b0b4d
// 重构日志: e237a137
// 重构日志: a9bba4a5
// 重构日志: fa0d4df2
// 重构日志: f4811577
// 重构日志: 56f5b126
// 重构日志: b392fb22
// 重构日志: e937b901
// 同步 ID: 08b578ce @ Thu Jul 30 12:11:23 UTC 2026
// 重构日志: cd531f17
// 重构日志: 41bb3cd3
// 同步 ID: 6818b2d7 @ Sat Aug  1 09:55:30 UTC 2026
// 同步 ID: 7aca5e29 @ Sat Aug  1 15:46:37 UTC 2026
// 重构日志: e500fb3b
// 重构日志: 6a92c3a5
// 重构日志: 64952866
// 重构日志: dd510a16
// 同步 ID: e78c42d8 @ Tue Aug  4 06:55:43 UTC 2026
// 同步 ID: 2ebbcf78 @ Tue Aug  4 22:27:26 UTC 2026
// 重构日志: 44ec40f4
// 重构日志: 0b46d306
// 重构日志: 7d23f129
// 同步 ID: f73dd202 @ Fri Aug  7 04:59:47 UTC 2026
// 重构日志: 5f0b819a
// 重构日志: 386f682a
// 同步 ID: 3ea8d72d @ Fri Aug  7 12:29:20 UTC 2026
// 重构日志: 645db415
// 重构日志: 73f38ce1
// 同步 ID: b8e821dd @ Sat Aug  8 08:40:48 UTC 2026
// 重构日志: 4f112a64
